19:11:36 **** Incremental Build of configuration Debug for project Carver_Interface ****
make -j8 all 
echo "iamcarver" | sudo -S docker pull microros/micro_ros_static_library_builder:humble && echo "Kireiji_02" | sudo -S docker run --rm -v /home/carver/Carver_Interface:/project --env MICROROS_LIBRARY_FOLDER=micro_ros_stm32cubemx_utils/microros_static_library_ide microros/micro_ros_static_library_builder:humble
humble: Pulling from microros/micro_ros_static_library_builder
Digest: sha256:83ab4e8ce95b2a62feb5dd270ad4460218d2d026a455ea32a5873cf629aa1e99
Status: Image is up to date for microros/micro_ros_static_library_builder:humble
docker.io/microros/micro_ros_static_library_builder:humble
dos2unix: converting file /project/micro_ros_stm32cubemx_utils/microros_static_library_ide/library_generation/library_generation.sh to Unix format...
micro-ROS library found. Skipping...
Delete micro_ros_stm32cubemx_utils/microros_static_library_ide/libmicroros/ for rebuild.
 
arm-none-eabi-size  Carver_Interface.elf 
   text	   data	    bss	    dec	    hex	filename
 105920	    536	  53632	 160088	  27158	Carver_Interface.elf
Finished building: default.size.stdout
 

19:11:40 Build Finished. 0 errors, 0 warnings. (took 3s.294ms)

